atad_IMPORTS_start
I_sceAtaInit
I_sceAtaExecCmd
I_sceAtaWaitResult
I_sceAtaSmartReturnStatus
atad_IMPORTS_end

intrman_IMPORTS_start
I_CpuSuspendIntr
I_CpuResumeIntr
intrman_IMPORTS_end

iomanX_IMPORTS_start
I_open
I_close
I_read
I_write
I_lseek
iomanX_IMPORTS_end

sifcmd_IMPORTS_start
I_sceSifInitRpc
I_sceSifRegisterRpc
I_sceSifSetRpcQueue
I_sceSifRpcLoop
sifcmd_IMPORTS_end

sifman_IMPORTS_start
I_sceSifSetDma
I_sceSifDmaStat
sifman_IMPORTS_end

sysclib_IMPORTS_start
I_memset
I_memcpy
sysclib_IMPORTS_end

sysmem_IMPORTS_start
I_AllocSysMemory
I_FreeSysMemory
I_QueryMaxFreeMemSize
I_QueryTotalFreeMemSize
sysmem_IMPORTS_end

thbase_IMPORTS_start
I_CreateThread
I_StartThread
I_GetThreadId
I_DelayThread
thbase_IMPORTS_end

thsemap_IMPORTS_start
I_CreateSema
I_SignalSema
I_WaitSema
I_PollSema
thsemap_IMPORTS_end
